[198月2026 17:56:01.718] [main/INFO] [net.neoforged.fml.startup.Entrypoint/]: JVM Uptime at startup: 256ms
[198月2026 17:56:01.729] [main/INFO] [net.neoforged.fml.loading.FMLLoader/]: Starting FancyModLoader version 11.0.13 (CLIENT in DEV)
[198月2026 17:56:01.729] [main/INFO] [net.neoforged.fml.loading.FMLLoader/]: Game directory: J:\minecraft orgenal mod with GPT\tree_of_yorishiro\neoforge\run
[198月2026 17:56:01.770] [main/INFO] [net.neoforged.fml.loading.EarlyServiceDiscovery/]: Found 2 early service jars (out of 108) in 18ms
[198月2026 17:56:01.771] [main/INFO] [net.neoforged.fml.loading.FMLLoader/]: Loading FML Early Services:
[198月2026 17:56:01.771] [main/INFO] [net.neoforged.fml.loading.FMLLoader/]:  - C:/Users/Owner/.gradle/caches/modules-2/files-2.1/net.neoforged.fancymodloader/loader/11.0.13/c9c89eaf35535990110088224d188748d81eaecf/loader-11.0.13.jar
[198月2026 17:56:01.772] [main/INFO] [net.neoforged.fml.loading.FMLLoader/]:  - C:/Users/Owner/.gradle/caches/modules-2/files-2.1/net.neoforged.fancymodloader/earlydisplay/11.0.13/491a1bedecb33802fa118cae384b60f91f6f0241/earlydisplay-11.0.13.jar
[198月2026 17:56:01.775] [main/INFO] [net.neoforged.fml.loading.ImmediateWindowHandler/]: Loading ImmediateWindowProvider fmlearlywindow
[198月2026 17:56:02.208] [ForkJoinPool.commonPool-worker-11/INFO] [net.neoforged.fml.loading.moddiscovery.locators.GameLocator/]: Detected a joined NeoForge and Minecraft configuration. Applying filtering...
[198月2026 17:56:02.238] [fml-loadingscreen/INFO] [net.neoforged.fml.earlydisplay.render.LoadingScreenRenderer/]: GL info: NVIDIA GeForce GTX 1650/PCIe/SSE2 GL version 3.3.0 NVIDIA 596.49, NVIDIA Corporation
[198月2026 17:56:02.258] [ForkJoinPool.commonPool-worker-11/INFO] [net.neoforged.fml.loading.moddiscovery.locators.InDevFolderLocator/CORE]: Got mod coordinates tree_of_yorishiro%%J:\minecraft orgenal mod with GPT\tree_of_yorishiro\neoforge\build\classes\java\main;tree_of_yorishiro%%J:\minecraft orgenal mod with GPT\tree_of_yorishiro\neoforge\build\resources\main from env
[198月2026 17:56:02.339] [ForkJoinPool.commonPool-worker-11/INFO] [net.neoforged.fml.loading.moddiscovery.locators.JarInJarDependencyLocator/]: Found 2 dependencies adding them to mods collection
[198月2026 17:56:02.341] [ForkJoinPool.commonPool-worker-11/INFO] [net.neoforged.fml.loading.moddiscovery.ModDiscoverer/]: 
     Mod List:
		Name Version (Mod Id)

		GeckoLib 5 5.5 (geckolib)
		Minecraft 26.1.2 (minecraft)
		NeoForge 26.1.2.43-beta (neoforge)
		Tree Of Yorishiro 1.2.2 (tree_of_yorishiro)
[198月2026 17:56:02.484] [main/INFO] [mixin/]: SpongePowered MIXIN Subsystem Version=0.8.7 Source=file:/C:/Users/Owner/.gradle/caches/modules-2/files-2.1/net.fabricmc/sponge-mixin/0.17.3+mixin.0.8.7/41c4a3984a80f4679e759fb9f495587acc5cdac7/sponge-mixin-0.17.3+mixin.0.8.7.jar Service=FML Env=CLIENT
[198月2026 17:56:02.497] [main/INFO] [net.neoforged.fml.loading.FMLLoader/]: Loading FML Plugins:
[198月2026 17:56:02.497] [main/INFO] [net.neoforged.fml.loading.FMLLoader/]:  - C:/Users/Owner/.gradle/caches/modules-2/files-2.1/net.neoforged/neoforge/26.1.2.43-beta/6b8b2150f4db76b1ac1890aba0033359fd84abba/neoforge-26.1.2.43-beta-universal.jar > net.neoforged.neoforge-coremods-26.1.2.43-beta.jar
[198月2026 17:56:02.549] [main/INFO] [net.neoforged.fml.loading.FMLLoader/]: Building game content classloader:
 - geckolib (jar(C:/Users/Owner/.gradle/caches/modules-2/files-2.1/curse.maven/geckolib-388172/7806319/cbcfee34b9037c5363151a95d2b98c0e6f78659d/geckolib-388172-7806319.jar))
 - minecraft (composite(filtered(jar(J:/minecraft orgenal mod with GPT/tree_of_yorishiro/neoforge/build/moddev/artifacts/minecraft-patched-26.1.2.43-beta.jar)), filtered(jar(J:/minecraft orgenal mod with GPT/tree_of_yorishiro/neoforge/build/moddev/artifacts/minecraft-patched-26.1.2.43-beta.jar))))
 - mixinextras.neoforge (jar(C:/Users/Owner/.gradle/caches/modules-2/files-2.1/net.neoforged/neoforge/26.1.2.43-beta/6b8b2150f4db76b1ac1890aba0033359fd84abba/neoforge-26.1.2.43-beta-universal.jar > mixinextras-neoforge-0.5.4.jar))
 - neoforge (composite(filtered(jar(C:/Users/Owner/.gradle/caches/modules-2/files-2.1/net.neoforged/neoforge/26.1.2.43-beta/6b8b2150f4db76b1ac1890aba0033359fd84abba/neoforge-26.1.2.43-beta-universal.jar))))
 - net.neoforged.fml.generated (empty(VirtualJar/net.neoforged.fml.generated))
 - tree_of_yorishiro (composite(folder(J:/minecraft orgenal mod with GPT/tree_of_yorishiro/neoforge/build/classes/java/main), folder(J:/minecraft orgenal mod with GPT/tree_of_yorishiro/neoforge/build/resources/main)))
[198月2026 17:56:02.557] [main/INFO] [net.neoforged.fml.loading.FMLLoader/]: Built game content classloader in 13ms
[198月2026 17:56:03.346] [Datafixer Bootstrap/INFO] [com.mojang.datafixers.DataFixerBuilder/]: 294 Datafixer optimizations took 192 milliseconds
[198月2026 17:56:03.380] [pool-9-thread-1/INFO] [MixinExtras|Service/]: Initializing MixinExtras via com.llamalad7.mixinextras.service.MixinExtrasServiceImpl(version=0.5.4).
[198月2026 17:56:06.154] [main/WARN] [net.minecraft.commands.Commands/]: Ambiguity between arguments [teleport, location] and [teleport, destination] with inputs: [0.1 -0.5 .9, 0 0 0]
[198月2026 17:56:06.154] [main/WARN] [net.minecraft.commands.Commands/]: Ambiguity between arguments [teleport, location] and [teleport, targets] with inputs: [0.1 -0.5 .9, 0 0 0]
[198月2026 17:56:06.156] [main/WARN] [net.minecraft.commands.Commands/]: Ambiguity between arguments [teleport, destination] and [teleport, targets] with inputs: [Player, 0123, @e, dd12be42-52a9-4a91-a8a1-11c01849e498]
[198月2026 17:56:06.157] [main/WARN] [net.minecraft.commands.Commands/]: Ambiguity between arguments [teleport, targets] and [teleport, destination] with inputs: [Player, 0123, dd12be42-52a9-4a91-a8a1-11c01849e498]
[198月2026 17:56:06.158] [main/WARN] [net.minecraft.commands.Commands/]: Ambiguity between arguments [teleport, targets, location] and [teleport, targets, destination] with inputs: [0.1 -0.5 .9, 0 0 0]
[198月2026 17:56:06.159] [main/WARN] [net.minecraft.commands.Commands/]: Ambiguity between arguments [time, set, time] and [time, set, timemarker] with inputs: [0, 0s, 0d, 0t]
[198月2026 17:56:06.159] [main/WARN] [net.minecraft.commands.Commands/]: Ambiguity between arguments [time, set, timemarker] and [time, set, time] with inputs: [012]
[198月2026 17:56:06.160] [main/WARN] [net.minecraft.commands.Commands/]: Ambiguity between arguments [time, of, clock, set, time] and [time, of, clock, set, timemarker] with inputs: [0, 0s, 0d, 0t]
[198月2026 17:56:06.161] [main/WARN] [net.minecraft.commands.Commands/]: Ambiguity between arguments [time, of, clock, set, timemarker] and [time, of, clock, set, time] with inputs: [012]
[198月2026 17:56:06.162] [main/WARN] [net.minecraft.commands.Commands/]: Ambiguity between arguments [waypoint, modify, waypoint, color, reset] and [waypoint, modify, waypoint, color, color] with inputs: [reset]
[198月2026 17:56:06.191] [modloading-worker-0/INFO] [tree_of_yorishiro/]: [TreeOfYorishiro] NeoForge initialization start
[198月2026 17:56:06.199] [modloading-worker-0/INFO] [net.neoforged.neoforge.common.NeoForgeMod/NEOFORGE-MOD]: NeoForge mod loading, version 26.1.2.43-beta, for MC 26.1.2
[198月2026 17:56:06.202] [modloading-worker-0/INFO] [tree_of_yorishiro/]: [TreeOfYorishiro] NeoForge registration queued
[198月2026 17:56:06.543] [Render thread/INFO] [com.mojang.authlib.yggdrasil.YggdrasilAuthenticationService/]: Environment: Environment[sessionHost=https://sessionserver.mojang.com, servicesHost=https://api.minecraftservices.com, profilesHost=https://api.mojang.com, name=PROD]
[198月2026 17:56:06.553] [Render thread/INFO] [net.minecraft.client.Minecraft/]: Setting user: Dev
[198月2026 17:56:06.613] [Render thread/INFO] [net.minecraft.client.Minecraft/]: Backend library: LWJGL version 3.4.1+2
[198月2026 17:56:06.711] [Render thread/INFO] [net.minecraft.client.Minecraft/]: Using optional rendering extensions: GL_ARB_buffer_storage, GL_KHR_debug, GL_ARB_vertex_attrib_binding, GL_ARB_direct_state_access, GL_EXT_texture_filter_anisotropic
[198月2026 17:56:07.214] [modloading-sync-worker/INFO] [tree_of_yorishiro/]: [TreeOfYorishiro] NeoForge common references bound
[198月2026 17:56:07.272] [Render thread/INFO] [net.minecraft.server.packs.resources.ReloadableResourceManager/]: Reloading ResourceManager: vanilla, mod_resources, mod/tree_of_yorishiro, mod/geckolib, mod/neoforge
[198月2026 17:56:07.370] [resourceLoad/INFO] [net.minecraft.client.gui.font.providers.UnihexProvider/]: Found unifont_pua-17.0.01.hex, loading
[198月2026 17:56:07.371] [resourceLoad/INFO] [net.minecraft.client.gui.font.providers.UnihexProvider/]: Found unifont_all_no_pua-17.0.01.hex, loading
[198月2026 17:56:07.373] [resourceLoad/INFO] [net.minecraft.client.gui.font.providers.UnihexProvider/]: Found unifont_jp_patch-17.0.01.hex, loading
[198月2026 17:56:07.450] [resourceLoad/ERROR] [GeckoLib/]: Duplicate locator name found in bone 'dish': 'dish_locator'
[198月2026 17:56:07.910] [resourceLoad/WARN] [net.minecraft.client.resources.model.ModelManager/]: Missing texture references in model tree_of_yorishiro:block/empty:
    particle
[198月2026 17:56:07.918] [resourceLoad/WARN] [net.minecraft.client.resources.model.ModelManager/]: Missing model for variant: 'Block{tree_of_yorishiro:debug_tree_of_yorishiro}[facing=north]'
[198月2026 17:56:07.918] [resourceLoad/WARN] [net.minecraft.client.resources.model.ModelManager/]: Missing model for variant: 'Block{tree_of_yorishiro:debug_tree_of_yorishiro}[facing=south]'
[198月2026 17:56:07.918] [resourceLoad/WARN] [net.minecraft.client.resources.model.ModelManager/]: Missing model for variant: 'Block{tree_of_yorishiro:debug_tree_of_yorishiro}[facing=west]'
[198月2026 17:56:07.918] [resourceLoad/WARN] [net.minecraft.client.resources.model.ModelManager/]: Missing model for variant: 'Block{tree_of_yorishiro:debug_tree_of_yorishiro}[facing=east]'
[198月2026 17:56:07.918] [resourceLoad/WARN] [net.minecraft.client.resources.model.ModelManager/]: Missing model for variant: 'Block{tree_of_yorishiro:yorishiro_trunk_collision}'
[198月2026 17:56:07.918] [resourceLoad/WARN] [net.minecraft.client.resources.model.ModelManager/]: Missing model for variant: 'Block{tree_of_yorishiro:syokunin_desk_collision}'
[198月2026 17:56:07.918] [resourceLoad/WARN] [net.minecraft.client.resources.model.ModelManager/]: Missing model for variant: 'Block{tree_of_yorishiro:syokunin_desk}[facing=north]'
[198月2026 17:56:07.918] [resourceLoad/WARN] [net.minecraft.client.resources.model.ModelManager/]: Missing model for variant: 'Block{tree_of_yorishiro:syokunin_desk}[facing=south]'
[198月2026 17:56:07.918] [resourceLoad/WARN] [net.minecraft.client.resources.model.ModelManager/]: Missing model for variant: 'Block{tree_of_yorishiro:syokunin_desk}[facing=west]'
[198月2026 17:56:07.918] [resourceLoad/WARN] [net.minecraft.client.resources.model.ModelManager/]: Missing model for variant: 'Block{tree_of_yorishiro:syokunin_desk}[facing=east]'
[198月2026 17:56:07.970] [Render thread/WARN] [com.mojang.blaze3d.opengl.GlProgram/]: neoforge:pipeline/item_translucent_unlit shader program does not use sampler Sampler2 defined in the pipeline. This might be a bug.
[198月2026 17:56:07.976] [Render thread/WARN] [com.mojang.blaze3d.opengl.GlProgram/]: neoforge:pipeline/item_cutout_unlit shader program does not use sampler Sampler2 defined in the pipeline. This might be a bug.
[198月2026 17:56:08.009] [Render thread/INFO] [com.mojang.blaze3d.audio.Library/]: OpenAL initialized on device OpenAL Soft on スピーカー (USB PnP Audio Device)
[198月2026 17:56:08.011] [Render thread/INFO] [net.minecraft.client.sounds.SoundEngine/SOUNDS]: Sound engine started
[198月2026 17:56:08.011] [Render thread/INFO] [net.minecraft.client.renderer.texture.TextureAtlas/]: Created: 512x256x0 minecraft:textures/atlas/particles.png-atlas
[198月2026 17:56:08.020] [Render thread/INFO] [net.minecraft.client.renderer.texture.TextureAtlas/]: Created: 128x128x0 minecraft:textures/atlas/decorated_pot.png-atlas
[198月2026 17:56:08.027] [Render thread/INFO] [net.minecraft.client.renderer.texture.TextureAtlas/]: Created: 2048x1024x0 minecraft:textures/atlas/armor_trims.png-atlas
[198月2026 17:56:08.035] [Render thread/INFO] [net.minecraft.client.renderer.texture.TextureAtlas/]: Created: 512x256x0 minecraft:textures/atlas/paintings.png-atlas
[198月2026 17:56:08.060] [Render thread/INFO] [net.minecraft.client.renderer.texture.TextureAtlas/]: Created: 1024x512x0 minecraft:textures/atlas/shield_patterns.png-atlas
[198月2026 17:56:08.062] [Render thread/INFO] [net.minecraft.client.renderer.texture.TextureAtlas/]: Created: 2048x2048x4 minecraft:textures/atlas/blocks.png-atlas
[198月2026 17:56:08.106] [Render thread/INFO] [net.minecraft.client.renderer.texture.TextureAtlas/]: Created: 512x512x0 minecraft:textures/atlas/chest.png-atlas
[198月2026 17:56:08.127] [Render thread/INFO] [net.minecraft.client.renderer.texture.TextureAtlas/]: Created: 256x128x0 minecraft:textures/atlas/celestials.png-atlas
[198月2026 17:56:08.128] [Render thread/INFO] [net.minecraft.client.renderer.texture.TextureAtlas/]: Created: 1024x512x0 minecraft:textures/atlas/banner_patterns.png-atlas
[198月2026 17:56:08.128] [Render thread/INFO] [net.minecraft.client.renderer.texture.TextureAtlas/]: Created: 512x512x0 minecraft:textures/atlas/beds.png-atlas
[198月2026 17:56:08.133] [Render thread/INFO] [net.minecraft.client.renderer.texture.TextureAtlas/]: Created: 1024x1024x0 minecraft:textures/atlas/items.png-atlas
[198月2026 17:56:08.140] [Render thread/INFO] [net.minecraft.client.renderer.texture.TextureAtlas/]: Created: 1024x1024x0 minecraft:textures/atlas/gui.png-atlas
[198月2026 17:56:08.164] [Render thread/INFO] [net.minecraft.client.renderer.texture.TextureAtlas/]: Created: 128x64x0 minecraft:textures/atlas/map_decorations.png-atlas
[198月2026 17:56:08.180] [Render thread/INFO] [net.minecraft.client.renderer.texture.TextureAtlas/]: Created: 512x256x0 minecraft:textures/atlas/signs.png-atlas
[198月2026 17:56:08.181] [Render thread/INFO] [net.minecraft.client.renderer.texture.TextureAtlas/]: Created: 512x512x0 minecraft:textures/atlas/shulker_boxes.png-atlas
[198月2026 17:56:08.245] [Render thread/INFO] [net.neoforged.neoforge.client.entity.animation.json.AnimationLoader/]: Loaded 0 entity animations
[198月2026 17:56:08.286] [Render thread/INFO] [GeckoLib/]: Loaded 7 models and 4 animations from resources
[198月2026 17:56:12.975] [Render thread/INFO] [net.minecraft.world.item.crafting.RecipeManager/]: Loaded 1521 recipes
[198月2026 17:56:12.981] [Render thread/INFO] [net.minecraft.advancements.AdvancementTree/]: Loaded 1617 advancements
[198月2026 17:56:12.982] [Render thread/INFO] [net.neoforged.neoforge.common.crafting.RecipePriorityManager/]: Loaded 0 recipe priority overrides
[198月2026 17:56:12.996] [Render thread/WARN] [net.minecraft.client.resources.model.ModelManager/]: Missing item model for location tree_of_yorishiro:growing_tree_of_yorishiro
[198月2026 17:56:12.996] [Render thread/WARN] [net.minecraft.client.resources.model.ModelManager/]: Missing item model for location tree_of_yorishiro:tree_of_yorishiro_under
[198月2026 17:56:12.996] [Render thread/WARN] [net.minecraft.client.resources.model.ModelManager/]: Missing item model for location tree_of_yorishiro:tree_of_yorishiro_middle
[198月2026 17:56:12.996] [Render thread/WARN] [net.minecraft.client.resources.model.ModelManager/]: Missing item model for location tree_of_yorishiro:tree_of_yorishiro_top
[198月2026 17:56:12.996] [Render thread/WARN] [net.minecraft.client.resources.model.ModelManager/]: Missing item model for location tree_of_yorishiro:debug_tree_of_yorishiro
[198月2026 17:56:12.996] [Render thread/WARN] [net.minecraft.client.resources.model.ModelManager/]: Missing item model for location tree_of_yorishiro:yorishiro_stone
[198月2026 17:56:12.996] [Render thread/WARN] [net.minecraft.client.resources.model.ModelManager/]: Missing item model for location tree_of_yorishiro:syokunin_desk
[198月2026 17:56:12.996] [Render thread/WARN] [net.minecraft.client.resources.model.ModelManager/]: Missing item model for location tree_of_yorishiro:debug_tree_of_yorishiro_item
[198月2026 17:56:13.098] [Server thread/INFO] [net.minecraft.client.server.IntegratedServer/]: Starting integrated minecraft server version 26.1.2
[198月2026 17:56:13.098] [Server thread/INFO] [net.minecraft.server.MinecraftServer/]: Generating keypair
[198月2026 17:56:13.319] [Server thread/INFO] [net.minecraft.server.level.progress.LoggingLevelLoadListener/]: Loading 0 persistent chunks...
[198月2026 17:56:13.320] [Server thread/INFO] [net.minecraft.server.level.progress.LoggingLevelLoadListener/]: スポーン地点を準備中：16%
[198月2026 17:56:13.332] [Server thread/INFO] [net.minecraft.server.MinecraftServer/]: Saving chunks for level 'ServerLevel[新規ワールド]'/minecraft:overworld
[198月2026 17:56:13.408] [Server thread/INFO] [net.minecraft.server.MinecraftServer/]: Saving chunks for level 'ServerLevel[新規ワールド]'/minecraft:the_nether
[198月2026 17:56:13.460] [Server thread/INFO] [net.minecraft.server.MinecraftServer/]: Saving chunks for level 'ServerLevel[新規ワールド]'/minecraft:the_end
[198月2026 17:56:13.567] [Server thread/INFO] [net.minecraft.server.MinecraftServer/]: ThreadedAnvilChunkStorage (world): All chunks are saved
[198月2026 17:56:13.567] [Server thread/INFO] [net.minecraft.server.MinecraftServer/]: ThreadedAnvilChunkStorage (DIM-1): All chunks are saved
[198月2026 17:56:13.567] [Server thread/INFO] [net.minecraft.server.MinecraftServer/]: ThreadedAnvilChunkStorage (DIM1): All chunks are saved
[198月2026 17:56:13.567] [Server thread/INFO] [net.minecraft.server.MinecraftServer/]: ThreadedAnvilChunkStorage: All dimensions are saved
[198月2026 17:56:13.570] [Server thread/INFO] [net.neoforged.neoforge.server.permission.PermissionAPI/]: Successfully initialized permission handler neoforge:default_handler
[198月2026 17:56:13.886] [Server thread/INFO] [net.minecraft.server.level.progress.LoggingLevelLoadListener/]: Loading 49 chunks for player spawn...
[198月2026 17:56:13.886] [Server thread/INFO] [net.minecraft.server.level.progress.LoggingLevelLoadListener/]: スポーン地点を準備中：16%
[198月2026 17:56:14.070] [Server thread/INFO] [net.minecraft.server.level.progress.LoggingLevelLoadListener/]: Time elapsed: 751 ms
[198月2026 17:56:14.252] [Server thread/INFO] [net.minecraft.server.players.PlayerList/]: Dev[local:E:e8e251a2] logged in with entity id 54 at (-1.0190946902901579, 72.37336779623328, 3.6728736294328272)
[198月2026 17:56:14.282] [Server thread/INFO] [net.minecraft.server.MinecraftServer/]: Devがゲームに参加しました
[198月2026 17:56:14.351] [Render thread/WARN] [net.minecraft.client.multiplayer.ClientPacketListener/]: Ignoring chat session from Dev due to missing Services public key
[198月2026 17:56:14.355] [Render thread/INFO] [net.minecraft.advancements.AdvancementTree/]: Loaded 6 advancements
[198月2026 17:56:14.362] [Server thread/INFO] [net.minecraft.client.server.IntegratedServer/]: Changing view distance to 16, from 10
[198月2026 17:56:14.364] [Server thread/INFO] [net.minecraft.client.server.IntegratedServer/]: Changing simulation distance to 12, from 0
[198月2026 17:56:14.378] [Render thread/INFO] [net.minecraft.client.renderer.DynamicUniformStorage/]: Resizing Dynamic Transforms UBO, capacity limit of 2 reached during a single frame. New capacity will be 4.
[198月2026 17:56:14.401] [Render thread/INFO] [net.minecraft.client.renderer.DynamicUniformStorage/]: Resizing Dynamic Transforms UBO, capacity limit of 4 reached during a single frame. New capacity will be 8.
[198月2026 17:56:14.606] [Render thread/INFO] [net.minecraft.client.renderer.DynamicUniformStorage/]: Resizing Chunk Sections UBO, capacity limit of 2 reached during a single frame. New capacity will be 4.
[198月2026 17:56:14.625] [Render thread/INFO] [net.minecraft.client.renderer.DynamicUniformStorage/]: Resizing Chunk Sections UBO, capacity limit of 4 reached during a single frame. New capacity will be 8.
[198月2026 17:56:14.640] [Render thread/INFO] [net.minecraft.client.renderer.DynamicUniformStorage/]: Resizing Chunk Sections UBO, capacity limit of 8 reached during a single frame. New capacity will be 16.
[198月2026 17:56:14.661] [Render thread/INFO] [net.minecraft.client.renderer.DynamicUniformStorage/]: Resizing Chunk Sections UBO, capacity limit of 16 reached during a single frame. New capacity will be 32.
[198月2026 17:56:14.700] [Render thread/INFO] [net.minecraft.client.renderer.DynamicUniformStorage/]: Resizing Chunk Sections UBO, capacity limit of 32 reached during a single frame. New capacity will be 64.
[198月2026 17:56:14.815] [Render thread/INFO] [net.minecraft.client.renderer.DynamicUniformStorage/]: Resizing Chunk Sections UBO, capacity limit of 64 reached during a single frame. New capacity will be 128.
[198月2026 17:56:14.988] [Render thread/INFO] [net.minecraft.client.renderer.DynamicUniformStorage/]: Resizing Chunk Sections UBO, capacity limit of 128 reached during a single frame. New capacity will be 256.
[198月2026 17:56:15.274] [Render thread/INFO] [net.minecraft.client.renderer.DynamicUniformStorage/]: Resizing Chunk Sections UBO, capacity limit of 256 reached during a single frame. New capacity will be 512.
[198月2026 17:56:16.055] [Render thread/INFO] [net.minecraft.client.renderer.DynamicUniformStorage/]: Resizing Chunk Sections UBO, capacity limit of 512 reached during a single frame. New capacity will be 1024.
[198月2026 17:56:21.589] [Render thread/INFO] [net.minecraft.client.gui.components.ChatComponent/]: [System] [CHAT] ［デバッグ］： 当たり判定：非表示
[198月2026 17:56:38.471] [Server thread/INFO] [net.minecraft.client.server.IntegratedServer/]: Saving and pausing game...
[198月2026 17:56:38.502] [Server thread/INFO] [net.minecraft.server.MinecraftServer/]: Saving chunks for level 'ServerLevel[新規ワールド]'/minecraft:overworld
[198月2026 17:56:38.515] [Server thread/INFO] [net.minecraft.server.MinecraftServer/]: Saving chunks for level 'ServerLevel[新規ワールド]'/minecraft:the_nether
[198月2026 17:56:38.515] [Server thread/INFO] [net.minecraft.server.MinecraftServer/]: Saving chunks for level 'ServerLevel[新規ワールド]'/minecraft:the_end
[198月2026 17:56:39.170] [Server thread/INFO] [net.minecraft.server.MinecraftServer/]: Stopping server
[198月2026 17:56:39.170] [Server thread/INFO] [net.minecraft.server.MinecraftServer/]: Saving players
[198月2026 17:56:39.200] [Server thread/INFO] [net.minecraft.server.network.ServerGamePacketListenerImpl/]: Dev lost connection: 切断されました
[198月2026 17:56:39.200] [Server thread/INFO] [net.minecraft.server.MinecraftServer/]: Devがゲームを退出しました
[198月2026 17:56:39.226] [Server thread/INFO] [net.minecraft.server.network.ServerCommonPacketListenerImpl/]: Stopping singleplayer server as player logged out
[198月2026 17:56:39.226] [Server thread/INFO] [net.minecraft.server.MinecraftServer/]: Saving worlds
[198月2026 17:56:39.307] [Server thread/INFO] [net.minecraft.server.MinecraftServer/]: Saving chunks for level 'ServerLevel[新規ワールド]'/minecraft:overworld
[198月2026 17:56:39.762] [Server thread/INFO] [net.minecraft.server.MinecraftServer/]: Saving chunks for level 'ServerLevel[新規ワールド]'/minecraft:the_nether
[198月2026 17:56:39.808] [Server thread/INFO] [net.minecraft.server.MinecraftServer/]: Saving chunks for level 'ServerLevel[新規ワールド]'/minecraft:the_end
[198月2026 17:56:39.888] [Server thread/INFO] [net.minecraft.server.MinecraftServer/]: ThreadedAnvilChunkStorage (world): All chunks are saved
[198月2026 17:56:39.889] [Server thread/INFO] [net.minecraft.server.MinecraftServer/]: ThreadedAnvilChunkStorage (DIM-1): All chunks are saved
[198月2026 17:56:39.889] [Server thread/INFO] [net.minecraft.server.MinecraftServer/]: ThreadedAnvilChunkStorage (DIM1): All chunks are saved
[198月2026 17:56:39.889] [Server thread/INFO] [net.minecraft.server.MinecraftServer/]: ThreadedAnvilChunkStorage: All dimensions are saved
[198月2026 17:56:45.405] [Render thread/INFO] [net.minecraft.world.item.crafting.RecipeManager/]: Loaded 1521 recipes
[198月2026 17:56:45.409] [Render thread/INFO] [net.minecraft.advancements.AdvancementTree/]: Loaded 1617 advancements
[198月2026 17:56:45.409] [Render thread/INFO] [net.neoforged.neoforge.common.crafting.RecipePriorityManager/]: Loaded 0 recipe priority overrides
[198月2026 17:56:45.461] [Server thread/INFO] [net.minecraft.client.server.IntegratedServer/]: Starting integrated minecraft server version 26.1.2
[198月2026 17:56:45.461] [Server thread/INFO] [net.minecraft.server.MinecraftServer/]: Generating keypair
[198月2026 17:56:45.491] [Server thread/INFO] [net.minecraft.server.level.progress.LoggingLevelLoadListener/]: Loading 0 persistent chunks...
[198月2026 17:56:45.502] [Server thread/INFO] [net.minecraft.server.MinecraftServer/]: Saving chunks for level 'ServerLevel[新規ワールド]'/minecraft:overworld
[198月2026 17:56:45.571] [Server thread/INFO] [net.minecraft.server.MinecraftServer/]: Saving chunks for level 'ServerLevel[新規ワールド]'/minecraft:the_nether
[198月2026 17:56:45.618] [Server thread/INFO] [net.minecraft.server.MinecraftServer/]: Saving chunks for level 'ServerLevel[新規ワールド]'/minecraft:the_end
[198月2026 17:56:45.728] [Server thread/INFO] [net.minecraft.server.MinecraftServer/]: ThreadedAnvilChunkStorage (world): All chunks are saved
[198月2026 17:56:45.728] [Server thread/INFO] [net.minecraft.server.MinecraftServer/]: ThreadedAnvilChunkStorage (DIM-1): All chunks are saved
[198月2026 17:56:45.728] [Server thread/INFO] [net.minecraft.server.MinecraftServer/]: ThreadedAnvilChunkStorage (DIM1): All chunks are saved
[198月2026 17:56:45.728] [Server thread/INFO] [net.minecraft.server.MinecraftServer/]: ThreadedAnvilChunkStorage: All dimensions are saved
[198月2026 17:56:45.728] [Server thread/INFO] [net.neoforged.neoforge.server.permission.PermissionAPI/]: Successfully initialized permission handler neoforge:default_handler
[198月2026 17:56:45.931] [Server thread/INFO] [net.minecraft.server.level.progress.LoggingLevelLoadListener/]: Loading 49 chunks for player spawn...
[198月2026 17:56:45.931] [Server thread/INFO] [net.minecraft.server.level.progress.LoggingLevelLoadListener/]: スポーン地点を準備中：16%
[198月2026 17:56:45.980] [Server thread/INFO] [net.minecraft.server.level.progress.LoggingLevelLoadListener/]: Time elapsed: 489 ms
[198月2026 17:56:46.036] [Server thread/INFO] [net.minecraft.server.players.PlayerList/]: Dev[local:E:f5c542a4] logged in with entity id 740 at (-1.4964882011553788, 68.0, 2.0912902572305034)
[198月2026 17:56:46.041] [Server thread/INFO] [net.minecraft.server.MinecraftServer/]: Devがゲームに参加しました
[198月2026 17:56:46.054] [Server thread/INFO] [net.minecraft.client.server.IntegratedServer/]: Changing view distance to 16, from 10
[198月2026 17:56:46.055] [Render thread/WARN] [net.minecraft.client.multiplayer.ClientPacketListener/]: Ignoring chat session from Dev due to missing Services public key
[198月2026 17:56:46.055] [Server thread/INFO] [net.minecraft.client.server.IntegratedServer/]: Changing simulation distance to 12, from 0
[198月2026 17:56:46.056] [Render thread/INFO] [net.minecraft.advancements.AdvancementTree/]: Loaded 6 advancements
[198月2026 17:57:45.192] [Render thread/INFO] [net.minecraft.client.renderer.DynamicUniformStorage/]: Resizing Dynamic Transforms UBO, capacity limit of 8 reached during a single frame. New capacity will be 16.
[198月2026 17:58:32.256] [Render thread/INFO] [net.minecraft.client.gui.components.ChatComponent/]: [System] [CHAT] ［デバッグ］： 当たり判定：表示
[198月2026 17:58:41.239] [Render thread/INFO] [net.minecraft.client.gui.components.ChatComponent/]: [System] [CHAT] ［デバッグ］： 当たり判定：非表示
[198月2026 18:00:29.630] [Server thread/INFO] [net.minecraft.client.server.IntegratedServer/]: Saving and pausing game...
[198月2026 18:00:29.655] [Server thread/INFO] [net.minecraft.server.MinecraftServer/]: Saving chunks for level 'ServerLevel[新規ワールド]'/minecraft:overworld
[198月2026 18:00:29.666] [Server thread/INFO] [net.minecraft.server.MinecraftServer/]: Saving chunks for level 'ServerLevel[新規ワールド]'/minecraft:the_nether
[198月2026 18:00:29.666] [Server thread/INFO] [net.minecraft.server.MinecraftServer/]: Saving chunks for level 'ServerLevel[新規ワールド]'/minecraft:the_end
[198月2026 18:00:30.680] [Server thread/INFO] [net.minecraft.server.MinecraftServer/]: Stopping server
[198月2026 18:00:30.680] [Server thread/INFO] [net.minecraft.server.MinecraftServer/]: Saving players
[198月2026 18:00:30.710] [Server thread/INFO] [net.minecraft.server.network.ServerGamePacketListenerImpl/]: Dev lost connection: 切断されました
[198月2026 18:00:30.711] [Server thread/INFO] [net.minecraft.server.MinecraftServer/]: Devがゲームを退出しました
[198月2026 18:00:30.736] [Server thread/INFO] [net.minecraft.server.network.ServerCommonPacketListenerImpl/]: Stopping singleplayer server as player logged out
[198月2026 18:00:30.737] [Server thread/INFO] [net.minecraft.server.MinecraftServer/]: Saving worlds
[198月2026 18:00:30.839] [Server thread/INFO] [net.minecraft.server.MinecraftServer/]: Saving chunks for level 'ServerLevel[新規ワールド]'/minecraft:overworld
[198月2026 18:00:32.283] [Server thread/INFO] [net.minecraft.server.MinecraftServer/]: Saving chunks for level 'ServerLevel[新規ワールド]'/minecraft:the_nether
[198月2026 18:00:32.331] [Server thread/INFO] [net.minecraft.server.MinecraftServer/]: Saving chunks for level 'ServerLevel[新規ワールド]'/minecraft:the_end
[198月2026 18:00:32.410] [Server thread/INFO] [net.minecraft.server.MinecraftServer/]: ThreadedAnvilChunkStorage (world): All chunks are saved
[198月2026 18:00:32.410] [Server thread/INFO] [net.minecraft.server.MinecraftServer/]: ThreadedAnvilChunkStorage (DIM-1): All chunks are saved
[198月2026 18:00:32.410] [Server thread/INFO] [net.minecraft.server.MinecraftServer/]: ThreadedAnvilChunkStorage (DIM1): All chunks are saved
[198月2026 18:00:32.411] [Server thread/INFO] [net.minecraft.server.MinecraftServer/]: ThreadedAnvilChunkStorage: All dimensions are saved
[198月2026 18:00:33.911] [Render thread/INFO] [net.minecraft.client.Minecraft/]: Stopping!
